MFGraphs Test Runner
===================
Suite: all
Files: package-loading.mt, 007-critical_congestion.mt, 007-critical_congestion_ok.mt, 012-critical_congestion.mt, critical-numeric-backend.mt, exit-pass-through.mt, exit-pass-through-nonzero.mt, infeasible-status.mt, monotone-monotonicity.mt, monotone-solver.mt, numeric-state.mt, solve-mfg.mt, solver-contracts.mt, time-dependent-data.mt, J9F-critical_congestion.mt, Jm9-critical_congestion.mt, time-dependent-solver.mt


TestReport: infeasible-status.mt | 21 SuccessEvaluating tests (21)Elapsed time 2s

TestReport: infeasible-status.mt | 21 SuccessEvaluating tests (21)Elapsed time 3s

TestReport: infeasible-status.mt | 21 SuccessEvaluating tests (21)Elapsed time 3s

TestReport: infeasible-status.mt | 21 SuccessEvaluating tests (21)Elapsed time 4s

TestReport: infeasible-status.mt | 21 SuccessEvaluating tests (21)Elapsed time 4s

TestReport: infeasible-status.mt | 21 SuccessEvaluating tests (21)Elapsed time 4s

TestReport: infeasible-status.mt | 21 SuccessEvaluating tests (21)Elapsed time 5s

TestReport: infeasible-status.mt | 21 SuccessEvaluating tests (21)Elapsed time 5s

TestReport: infeasible-status.mt | 21 SuccessEvaluating tests (21)Elapsed time 6s

TestReport: infeasible-status.mt | 21 SuccessEvaluating tests (21)Elapsed time 6s

TestReport: infeasible-status.mt | 21 SuccessEvaluating tests (21)Elapsed time 6s

TestReport: infeasible-status.mt | 21 SuccessEvaluating tests (21)Elapsed time 7s

TestReport: infeasible-status.mt | 21 SuccessEvaluating tests (21)Elapsed time 7s

TestReport: infeasible-status.mt | 21 SuccessEvaluating tests (21)Elapsed time 8s

TestReport: infeasible-status.mt | 21 SuccessEvaluating tests (21)Elapsed time 8s

TestReport: infeasible-status.mt | 21 SuccessEvaluating tests (21)Elapsed time 8s

TestReport: infeasible-status.mt | 21 SuccessEvaluating tests (21)Elapsed time 9s

TestReport: infeasible-status.mt | 21 SuccessEvaluating tests (21)Elapsed time 9s

TestReport: infeasible-status.mt | 21 SuccessEvaluating tests (21)Elapsed time 10s

TestReport: infeasible-status.mt | 21 SuccessEvaluating tests (21)Elapsed time 10s

TestReport: infeasible-status.mt | 21 SuccessEvaluating tests (21)Elapsed time 10s

TestReport: infeasible-status.mt | 21 SuccessEvaluating tests (21)Elapsed time 11s

TestReport: infeasible-status.mt | 21 SuccessEvaluating tests (21)Elapsed time 11s

TestReport: infeasible-status.mt | 21 SuccessEvaluating tests (21)Elapsed time 12s

TestReport: infeasible-status.mt | 21 SuccessEvaluating tests (21)Elapsed time 12s

TestReport: infeasible-status.mt | 21 SuccessEvaluating tests (21)Elapsed time 12s

TestReport: infeasible-status.mt | 21 SuccessEvaluating tests (21)Elapsed time 13s

TestReport: infeasible-status.mt | 21 SuccessEvaluating tests (21)Elapsed time 13s

TestReport: infeasible-status.mt | 21 SuccessEvaluating tests (21)Elapsed time 14s

TestReport: infeasible-status.mt | 21 SuccessEvaluating tests (21)Elapsed time 14s

TestReport: infeasible-status.mt | 21 SuccessEvaluating tests (21)Elapsed time 14s

TestReport: infeasible-status.mt | 21 SuccessEvaluating tests (21)Elapsed time 15s

TestReport: infeasible-status.mt | 21 SuccessEvaluating tests (21)Elapsed time 15s

TestReport: infeasible-status.mt | 21 SuccessEvaluating tests (21)Elapsed time 16s

TestReport: infeasible-status.mt | 21 SuccessEvaluating tests (21)Elapsed time 16s

TestReport: infeasible-status.mt | 21 SuccessEvaluating tests (21)Elapsed time 16s

TestReport: infeasible-status.mt | 21 SuccessEvaluating tests (21)Elapsed time 17s

TestReport: infeasible-status.mt | 21 SuccessEvaluating tests (21)Elapsed time 17s

TestReport: infeasible-status.mt | 21 SuccessEvaluating tests (21)Elapsed time 18s

TestReport: infeasible-status.mt | 21 SuccessEvaluating tests (21)Elapsed time 18s

TestReport: infeasible-status.mt | 21 SuccessEvaluating tests (21)Elapsed time 18s

TestReport: infeasible-status.mt | 21 SuccessEvaluating tests (21)Elapsed time 19s

TestReport: infeasible-status.mt | 21 SuccessEvaluating tests (21)Elapsed time 19s

TestReport: infeasible-status.mt | 21 SuccessEvaluating tests (21)Elapsed time 20s

TestReport: infeasible-status.mt | 21 SuccessEvaluating tests (21)Elapsed time 20s

TestReport: infeasible-status.mt | 21 SuccessEvaluating tests (21)Elapsed time 20s

TestReport: infeasible-status.mt | 21 SuccessEvaluating tests (21)Elapsed time 21s

TestReport: infeasible-status.mt | 21 SuccessEvaluating tests (21)Elapsed time 21s

TestReport: infeasible-status.mt | 21 SuccessEvaluating tests (21)Elapsed time 22s

TestReport: infeasible-status.mt | 21 SuccessEvaluating tests (21)Elapsed time 22s

TestReport: infeasible-status.mt | 21 SuccessEvaluating tests (21)Elapsed time 22s

TestReport: infeasible-status.mt | 21 SuccessEvaluating tests (21)Elapsed time 23s

TestReport: infeasible-status.mt | 21 SuccessEvaluating tests (21)Elapsed time 23s

TestReport: infeasible-status.mt | 21 SuccessEvaluating tests (21)Elapsed time 24s

TestReport: infeasible-status.mt | 21 SuccessEvaluating tests (21)Elapsed time 24s

TestReport: infeasible-status.mt | 21 SuccessEvaluating tests (21)Elapsed time 24s

TestReport: infeasible-status.mt | 21 SuccessEvaluating tests (21)Elapsed time 25s

TestReport: infeasible-status.mt | 21 SuccessEvaluating tests (21)Elapsed time 25s

TestReport: infeasible-status.mt | 21 SuccessEvaluating tests (21)Elapsed time 26s

TestReport: infeasible-status.mt | 21 SuccessEvaluating tests (21)Elapsed time 26s

TestReport: infeasible-status.mt | 21 SuccessEvaluating tests (21)Elapsed time 26s

TestReport: infeasible-status.mt | 21 SuccessEvaluating tests (21)Elapsed time 27s

TestReport: infeasible-status.mt | 21 SuccessEvaluating tests (21)Elapsed time 27s

TestReport: infeasible-status.mt | 21 SuccessEvaluating tests (21)Elapsed time 28s

TestReport: infeasible-status.mt | 21 SuccessEvaluating tests (21)Elapsed time 28s

TestReport: infeasible-status.mt | 21 SuccessEvaluating tests (21)Elapsed time 28s

TestReport: infeasible-status.mt | 21 SuccessEvaluating tests (21)Elapsed time 29s

TestReport: infeasible-status.mt | 21 SuccessEvaluating tests (21)Elapsed time 29s

TestReport: infeasible-status.mt | 21 SuccessEvaluating tests (21)Elapsed time 30s

TestReport: infeasible-status.mt | 21 SuccessEvaluating tests (21)Elapsed time 30s

TestReport: infeasible-status.mt | 21 SuccessEvaluating tests (21)Elapsed time 30s

TestReport: infeasible-status.mt | 21 SuccessEvaluating tests (21)Elapsed time 31s

TestReport: infeasible-status.mt | 21 SuccessEvaluating tests (21)Elapsed time 31s

TestReport: infeasible-status.mt | 21 SuccessEvaluating tests (21)Elapsed time 32s

TestReport: infeasible-status.mt | 21 SuccessEvaluating tests (21)Elapsed time 32s

TestReport: infeasible-status.mt | 21 SuccessEvaluating tests (21)Elapsed time 32s

TestReport: infeasible-status.mt | 21 SuccessEvaluating tests (21)Elapsed time 33s

TestReport: infeasible-status.mt | 21 SuccessEvaluating tests (21)Elapsed time 33s

TestReport: infeasible-status.mt | 21 SuccessEvaluating tests (21)Elapsed time 34s

TestReport: infeasible-status.mt | 21 SuccessEvaluating tests (21)Elapsed time 34s

TestReport: infeasible-status.mt | 21 SuccessEvaluating tests (21)Elapsed time 34s

TestReport: infeasible-status.mt | 21 SuccessEvaluating tests (21)Elapsed time 35s

TestReport: infeasible-status.mt | 21 SuccessEvaluating tests (21)Elapsed time 35s

TestReport: infeasible-status.mt | 21 SuccessEvaluating tests (21)Elapsed time 36s

TestReport: infeasible-status.mt | 21 SuccessEvaluating tests (21)Elapsed time 36s

TestReport: infeasible-status.mt | 21 SuccessEvaluating tests (21)Elapsed time 37s

TestReport: infeasible-status.mt | 21 SuccessEvaluating tests (21)Elapsed time 37s

TestReport: infeasible-status.mt | 21 SuccessEvaluating tests (21)Elapsed time 37s

TestReport: infeasible-status.mt | 21 SuccessEvaluating tests (21)Elapsed time 38s

TestReport: infeasible-status.mt | 21 SuccessEvaluating tests (21)Elapsed time 38s

TestReport: infeasible-status.mt | 21 SuccessEvaluating tests (21)Elapsed time 39s

TestReport: infeasible-status.mt | 21 SuccessEvaluating tests (21)Elapsed time 39s

TestReport: infeasible-status.mt | 21 SuccessEvaluating tests (21)Elapsed time 39s

TestReport: infeasible-status.mt | 21 SuccessEvaluating tests (21)Elapsed time 40s

TestReport: infeasible-status.mt | 21 SuccessEvaluating tests (21)Elapsed time 40s

TestReport: infeasible-status.mt | 21 SuccessEvaluating tests (21)Elapsed time 41s

TestReport: infeasible-status.mt | 21 SuccessEvaluating tests (21)Elapsed time 41s

TestReport: infeasible-status.mt | 21 SuccessEvaluating tests (21)Elapsed time 41s

TestReport: infeasible-status.mt | 21 SuccessEvaluating tests (21)Elapsed time 42s

TestReport: infeasible-status.mt | 21 SuccessEvaluating tests (21)Elapsed time 42s

TestReport: infeasible-status.mt | 21 SuccessEvaluating tests (21)Elapsed time 43s

TestReport: infeasible-status.mt | 21 SuccessEvaluating tests (21)Elapsed time 43s

TestReport: infeasible-status.mt | 21 SuccessEvaluating tests (21)Elapsed time 43s

TestReport: infeasible-status.mt | 21 SuccessEvaluating tests (21)Elapsed time 44s

TestReport: infeasible-status.mt | 21 SuccessEvaluating tests (21)Elapsed time 44s

TestReport: infeasible-status.mt | 21 SuccessEvaluating tests (21)Elapsed time 45s

TestReport: infeasible-status.mt | 21 SuccessEvaluating tests (21)Elapsed time 45s

TestReport: infeasible-status.mt | 21 SuccessEvaluating tests (21)Elapsed time 45s

TestReport: infeasible-status.mt | 21 SuccessEvaluating tests (21)Elapsed time 46s

TestReport: infeasible-status.mt | 21 SuccessEvaluating tests (21)Elapsed time 46s

TestReport: infeasible-status.mt | 21 SuccessEvaluating tests (21)Elapsed time 47s

TestReport: infeasible-status.mt | 21 SuccessEvaluating tests (21)Elapsed time 47s

TestReport: infeasible-status.mt | 21 SuccessEvaluating tests (21)Elapsed time 47s

TestReport: infeasible-status.mt | 21 SuccessEvaluating tests (21)Elapsed time 48s

TestReport: infeasible-status.mt | 21 SuccessEvaluating tests (21)Elapsed time 48s

TestReport: infeasible-status.mt | 21 SuccessEvaluating tests (21)Elapsed time 49s

TestReport: infeasible-status.mt | 21 SuccessEvaluating tests (21)Elapsed time 49s

TestReport: infeasible-status.mt | 21 SuccessEvaluating tests (21)Elapsed time 49s

TestReport: infeasible-status.mt | 21 SuccessEvaluating tests (21)Elapsed time 50s

TestReport: infeasible-status.mt | 21 SuccessEvaluating tests (21)Elapsed time 50s

TestReport: infeasible-status.mt | 21 SuccessEvaluating tests (21)Elapsed time 51s

TestReport: infeasible-status.mt | 21 SuccessEvaluating tests (21)Elapsed time 51s

TestReport: infeasible-status.mt | 21 SuccessEvaluating tests (21)Elapsed time 51s

TestReport: infeasible-status.mt | 21 SuccessEvaluating tests (21)Elapsed time 52s

TestReport: infeasible-status.mt | 21 SuccessEvaluating tests (21)Elapsed time 52s

TestReport: infeasible-status.mt | 21 SuccessEvaluating tests (21)Elapsed time 53s

TestReport: infeasible-status.mt | 21 SuccessEvaluating tests (21)Elapsed time 53s

TestReport: infeasible-status.mt | 21 SuccessEvaluating tests (21)Elapsed time 53s

TestReport: infeasible-status.mt | 21 SuccessEvaluating tests (21)Elapsed time 54s

TestReport: infeasible-status.mt | 21 SuccessEvaluating tests (21)Elapsed time 54s

TestReport: infeasible-status.mt | 21 SuccessEvaluating tests (21)Elapsed time 55s

TestReport: infeasible-status.mt | 21 SuccessEvaluating tests (21)Elapsed time 55s

TestReport: infeasible-status.mt | 21 SuccessEvaluating tests (21)Elapsed time 55s

TestReport: infeasible-status.mt | 21 SuccessEvaluating tests (21)Elapsed time 56s

TestReport: infeasible-status.mt | 21 SuccessEvaluating tests (21)Elapsed time 56s

TestReport: infeasible-status.mt | 21 SuccessEvaluating tests (21)Elapsed time 57s

TestReport: infeasible-status.mt | 21 SuccessEvaluating tests (21)Elapsed time 57s

TestReport: infeasible-status.mt | 21 SuccessEvaluating tests (21)Elapsed time 57s

TestReport: infeasible-status.mt | 21 SuccessEvaluating tests (21)Elapsed time 58s

TestReport: infeasible-status.mt | 21 SuccessEvaluating tests (21)Elapsed time 58s

TestReport: infeasible-status.mt | 21 SuccessEvaluating tests (21)Elapsed time 59s

TestReport: infeasible-status.mt | 21 SuccessEvaluating tests (21)Elapsed time 59s

TestReport: infeasible-status.mt | 21 SuccessEvaluating tests (21)Elapsed time 59s

TestReport: infeasible-status.mt | 21 SuccessEvaluating tests (21)Elapsed time 1m00s

TestReport: infeasible-status.mt | 21 SuccessEvaluating tests (21)Elapsed time 1m00s

TestReport: infeasible-status.mt | 21 SuccessEvaluating tests (21)Elapsed time 1m01s

TestReport: infeasible-status.mt | 21 SuccessEvaluating tests (21)Elapsed time 1m01s

TestReport: infeasible-status.mt | 21 SuccessEvaluating tests (21)Elapsed time 1m01s

TestReport: infeasible-status.mt | 21 SuccessEvaluating tests (21)Elapsed time 1m02s

TestReport: infeasible-status.mt | 21 SuccessEvaluating tests (21)Elapsed time 1m02s

TestReport: infeasible-status.mt | 21 SuccessEvaluating tests (21)Elapsed time 1m03s

TestReport: infeasible-status.mt | 21 SuccessEvaluating tests (21)Elapsed time 1m03s

TestReport: infeasible-status.mt | 21 SuccessEvaluating tests (21)Elapsed time 1m03s

TestReport: infeasible-status.mt | 21 SuccessEvaluating tests (21)Elapsed time 1m04s

TestReport: infeasible-status.mt | 21 SuccessEvaluating tests (21)Elapsed time 1m04s

TestReport: infeasible-status.mt | 21 SuccessEvaluating tests (21)Elapsed time 1m05s

TestReport: infeasible-status.mt | 21 SuccessEvaluating tests (21)Elapsed time 1m05s

TestReport: infeasible-status.mt | 21 SuccessEvaluating tests (21)Elapsed time 1m05s

TestReport: infeasible-status.mt | 21 SuccessEvaluating tests (21)Elapsed time 1m06s

TestReport: infeasible-status.mt | 21 SuccessEvaluating tests (21)Elapsed time 1m06s

TestReport: infeasible-status.mt | 21 SuccessEvaluating tests (21)Elapsed time 1m07s

TestReport: infeasible-status.mt | 21 SuccessEvaluating tests (21)Elapsed time 1m07s

TestReport: infeasible-status.mt | 21 SuccessEvaluating tests (21)Elapsed time 1m07s

TestReport: infeasible-status.mt | 21 SuccessEvaluating tests (21)Elapsed time 1m08s

TestReport: infeasible-status.mt | 21 SuccessEvaluating tests (21)Elapsed time 1m08s

TestReport: infeasible-status.mt | 21 SuccessEvaluating tests (21)Elapsed time 1m09s

TestReport: infeasible-status.mt | 21 SuccessEvaluating tests (21)Elapsed time 1m09s

TestReport: infeasible-status.mt | 21 SuccessEvaluating tests (21)Elapsed time 1m09s

TestReport: infeasible-status.mt | 21 SuccessEvaluating tests (21)Elapsed time 1m10s

TestReport: infeasible-status.mt | 21 SuccessEvaluating tests (21)Elapsed time 1m10s

TestReport: infeasible-status.mt | 21 SuccessEvaluating tests (21)Elapsed time 1m11s

TestReport: infeasible-status.mt | 21 SuccessEvaluating tests (21)Elapsed time 1m11s

TestReport: infeasible-status.mt | 21 SuccessEvaluating tests (21)Elapsed time 1m11s

TestReport: infeasible-status.mt | 21 SuccessEvaluating tests (21)Elapsed time 1m12s

TestReport: infeasible-status.mt | 21 SuccessEvaluating tests (21)Elapsed time 1m12s

TestReport: infeasible-status.mt | 21 SuccessEvaluating tests (21)Elapsed time 1m13s

TestReport: infeasible-status.mt | 21 SuccessEvaluating tests (21)Elapsed time 1m13s

TestReport: infeasible-status.mt | 21 SuccessEvaluating tests (21)Elapsed time 1m13s

TestReport: infeasible-status.mt | 21 SuccessEvaluating tests (21)Elapsed time 1m14s

TestReport: infeasible-status.mt | 21 SuccessEvaluating tests (21)Elapsed time 1m14s

TestReport: infeasible-status.mt | 21 SuccessEvaluating tests (21)Elapsed time 1m15s

TestReport: infeasible-status.mt | 21 SuccessEvaluating tests (21)Elapsed time 1m15s

TestReport: infeasible-status.mt | 21 SuccessEvaluating tests (21)Elapsed time 1m15s

TestReport: infeasible-status.mt | 21 SuccessEvaluating tests (21)Elapsed time 1m16s

TestReport: infeasible-status.mt | 21 SuccessEvaluating tests (21)Elapsed time 1m16s

TestReport: infeasible-status.mt | 21 SuccessEvaluating tests (21)Elapsed time 1m17s

TestReport: infeasible-status.mt | 21 SuccessEvaluating tests (21)Elapsed time 1m17s

TestReport: infeasible-status.mt | 21 SuccessEvaluating tests (21)Elapsed time 1m17s

TestReport: infeasible-status.mt | 21 SuccessEvaluating tests (21)Elapsed time 1m18s

TestReport: infeasible-status.mt | 21 SuccessEvaluating tests (21)Elapsed time 1m18s

TestReport: infeasible-status.mt | 21 SuccessEvaluating tests (21)Elapsed time 1m19s

TestReport: infeasible-status.mt | 21 SuccessEvaluating tests (21)Elapsed time 1m19s

TestReport: infeasible-status.mt | 21 SuccessEvaluating tests (21)Elapsed time 1m19s

TestReport: infeasible-status.mt | 21 SuccessEvaluating tests (21)Elapsed time 1m20s

TestReport: infeasible-status.mt | 21 SuccessEvaluating tests (21)Elapsed time 1m20s

TestReport: infeasible-status.mt | 21 SuccessEvaluating tests (21)Elapsed time 1m21s

TestReport: infeasible-status.mt | 21 SuccessEvaluating tests (21)Elapsed time 1m21s

TestReport: infeasible-status.mt | 21 SuccessEvaluating tests (21)Elapsed time 1m21s

TestReport: infeasible-status.mt | 21 SuccessEvaluating tests (21)Elapsed time 1m22s

TestReport: infeasible-status.mt | 21 SuccessEvaluating tests (21)Elapsed time 1m22s

TestReport: infeasible-status.mt | 21 SuccessEvaluating tests (21)Elapsed time 1m23s

TestReport: infeasible-status.mt | 21 SuccessEvaluating tests (21)Elapsed time 1m23s

TestReport: infeasible-status.mt | 21 SuccessEvaluating tests (21)Elapsed time 1m23s

TestReport: infeasible-status.mt | 21 SuccessEvaluating tests (21)Elapsed time 1m24s

TestReport: infeasible-status.mt | 21 SuccessEvaluating tests (21)Elapsed time 1m24s

TestReport: infeasible-status.mt | 21 SuccessEvaluating tests (21)Elapsed time 1m25s

TestReport: infeasible-status.mt | 21 SuccessEvaluating tests (21)Elapsed time 1m25s

TestReport: infeasible-status.mt | 21 SuccessEvaluating tests (21)Elapsed time 1m25s

TestReport: infeasible-status.mt | 21 SuccessEvaluating tests (21)Elapsed time 1m26s

TestReport: infeasible-status.mt | 21 SuccessEvaluating tests (21)Elapsed time 1m26s

TestReport: infeasible-status.mt | 21 SuccessEvaluating tests (21)Elapsed time 1m27s

TestReport: infeasible-status.mt | 21 SuccessEvaluating tests (21)Elapsed time 1m27s

TestReport: infeasible-status.mt | 21 SuccessEvaluating tests (21)Elapsed time 1m27s

TestReport: infeasible-status.mt | 21 SuccessEvaluating tests (21)Elapsed time 1m28s

TestReport: infeasible-status.mt | 21 SuccessEvaluating tests (21)Elapsed time 1m28s

TestReport: infeasible-status.mt | 21 SuccessEvaluating tests (21)Elapsed time 1m29s

TestReport: infeasible-status.mt | 21 SuccessEvaluating tests (21)Elapsed time 1m29s

TestReport: infeasible-status.mt | 21 SuccessEvaluating tests (21)Elapsed time 1m29s

TestReport: infeasible-status.mt | 21 SuccessEvaluating tests (21)Elapsed time 1m30s

TestReport: infeasible-status.mt | 21 SuccessEvaluating tests (21)Elapsed time 1m30s

TestReport: infeasible-status.mt | 21 SuccessEvaluating tests (21)Elapsed time 1m31s

TestReport: infeasible-status.mt | 21 SuccessEvaluating tests (21)Elapsed time 1m31s

TestReport: infeasible-status.mt | 21 SuccessEvaluating tests (21)Elapsed time 1m31s

TestReport: infeasible-status.mt | 21 SuccessEvaluating tests (21)Elapsed time 1m32s

TestReport: infeasible-status.mt | 21 SuccessEvaluating tests (21)Elapsed time 1m32s

TestReport: infeasible-status.mt | 21 SuccessEvaluating tests (21)Elapsed time 1m33s

TestReport: infeasible-status.mt | 21 SuccessEvaluating tests (21)Elapsed time 1m33s

TestReport: infeasible-status.mt | 21 SuccessEvaluating tests (21)Elapsed time 1m33s

TestReport: infeasible-status.mt | 21 SuccessEvaluating tests (21)Elapsed time 1m34s

TestReport: infeasible-status.mt | 21 SuccessEvaluating tests (21)Elapsed time 1m34s

TestReport: infeasible-status.mt | 21 SuccessEvaluating tests (21)Elapsed time 1m35s

TestReport: infeasible-status.mt | 21 SuccessEvaluating tests (21)Elapsed time 1m35s

TestReport: infeasible-status.mt | 21 SuccessEvaluating tests (21)Elapsed time 1m35s

TestReport: infeasible-status.mt | 21 SuccessEvaluating tests (21)Elapsed time 1m36s

TestReport: infeasible-status.mt | 21 SuccessEvaluating tests (21)Elapsed time 1m36s

TestReport: infeasible-status.mt | 21 SuccessEvaluating tests (21)Elapsed time 1m37s

TestReport: infeasible-status.mt | 21 SuccessEvaluating tests (21)Elapsed time 1m37s

TestReport: infeasible-status.mt | 21 SuccessEvaluating tests (21)Elapsed time 1m37s

TestReport: infeasible-status.mt | 21 SuccessEvaluating tests (21)Elapsed time 1m38s

TestReport: infeasible-status.mt | 21 SuccessEvaluating tests (21)Elapsed time 1m38s

TestReport: infeasible-status.mt | 21 SuccessEvaluating tests (21)Elapsed time 1m39s

TestReport: infeasible-status.mt | 21 SuccessEvaluating tests (21)Elapsed time 1m39s

TestReport: infeasible-status.mt | 21 SuccessEvaluating tests (21)Elapsed time 1m39s

TestReport: infeasible-status.mt | 21 SuccessEvaluating tests (21)Elapsed time 1m40s

TestReport: infeasible-status.mt | 21 SuccessEvaluating tests (21)Elapsed time 1m40s

TestReport: infeasible-status.mt | 21 SuccessEvaluating tests (21)Elapsed time 1m41s

TestReport: infeasible-status.mt | 21 SuccessEvaluating tests (21)Elapsed time 1m41s

TestReport: infeasible-status.mt | 21 SuccessEvaluating tests (21)Elapsed time 1m41s

TestReport: infeasible-status.mt | 21 SuccessEvaluating tests (21)Elapsed time 1m42s

TestReport: infeasible-status.mt | 21 SuccessEvaluating tests (21)Elapsed time 1m42s

TestReport: infeasible-status.mt | 21 SuccessEvaluating tests (21)Elapsed time 1m43s

TestReport: infeasible-status.mt | 21 SuccessEvaluating tests (21)Elapsed time 1m43s

TestReport: infeasible-status.mt | 21 SuccessEvaluating tests (21)Elapsed time 1m43s

TestReport: infeasible-status.mt | 21 SuccessEvaluating tests (21)Elapsed time 1m44s

TestReport: infeasible-status.mt | 21 SuccessEvaluating tests (21)Elapsed time 1m44s

TestReport: infeasible-status.mt | 21 SuccessEvaluating tests (21)Elapsed time 1m45s

TestReport: infeasible-status.mt | 21 SuccessEvaluating tests (21)Elapsed time 1m45s

TestReport: infeasible-status.mt | 21 SuccessEvaluating tests (21)Elapsed time 1m46s

TestReport: infeasible-status.mt | 21 SuccessEvaluating tests (21)Elapsed time 1m46s

TestReport: infeasible-status.mt | 21 SuccessEvaluating tests (21)Elapsed time 1m46s

TestReport: infeasible-status.mt | 21 SuccessEvaluating tests (21)Elapsed time 1m47s

TestReport: infeasible-status.mt | 21 SuccessEvaluating tests (21)Elapsed time 1m47s

TestReport: infeasible-status.mt | 21 SuccessEvaluating tests (21)Elapsed time 1m48s

TestReport: infeasible-status.mt | 21 SuccessEvaluating tests (21)Elapsed time 1m48s

TestReport: infeasible-status.mt | 21 SuccessEvaluating tests (21)Elapsed time 1m48s

TestReport: infeasible-status.mt | 21 SuccessEvaluating tests (21)Elapsed time 1m49s

TestReport: infeasible-status.mt | 21 SuccessEvaluating tests (21)Elapsed time 1m49s

TestReport: infeasible-status.mt | 21 SuccessEvaluating tests (21)Elapsed time 1m50s

TestReport: infeasible-status.mt | 21 SuccessEvaluating tests (21)Elapsed time 1m50s

TestReport: infeasible-status.mt | 21 SuccessEvaluating tests (21)Elapsed time 1m50s

TestReport: infeasible-status.mt | 21 SuccessEvaluating tests (21)Elapsed time 1m51s

TestReport: infeasible-status.mt | 21 SuccessEvaluating tests (21)Elapsed time 1m51s

TestReport: infeasible-status.mt | 21 SuccessEvaluating tests (21)Elapsed time 1m52s

TestReport: infeasible-status.mt | 21 SuccessEvaluating tests (21)Elapsed time 1m52s

TestReport: infeasible-status.mt | 21 SuccessEvaluating tests (21)Elapsed time 1m52s

TestReport: infeasible-status.mt | 21 SuccessEvaluating tests (21)Elapsed time 1m53s

TestReport: infeasible-status.mt | 21 SuccessEvaluating tests (21)Elapsed time 1m53s

TestReport: infeasible-status.mt | 21 SuccessEvaluating tests (21)Elapsed time 1m54s

TestReport: infeasible-status.mt | 21 SuccessEvaluating tests (21)Elapsed time 1m54s

TestReport: infeasible-status.mt | 21 SuccessEvaluating tests (21)Elapsed time 1m54s

TestReport: infeasible-status.mt | 21 SuccessEvaluating tests (21)Elapsed time 1m55s

TestReport: infeasible-status.mt | 21 SuccessEvaluating tests (21)Elapsed time 1m55s

TestReport: infeasible-status.mt | 21 SuccessEvaluating tests (21)Elapsed time 1m56s

TestReport: infeasible-status.mt | 21 SuccessEvaluating tests (21)Elapsed time 1m56s

TestReport: infeasible-status.mt | 21 SuccessEvaluating tests (21)Elapsed time 1m56s

TestReport: infeasible-status.mt | 21 SuccessEvaluating tests (21)Elapsed time 1m57s

TestReport: infeasible-status.mt | 21 SuccessEvaluating tests (21)Elapsed time 1m57s

TestReport: infeasible-status.mt | 21 SuccessEvaluating tests (21)Elapsed time 1m58s

TestReport: infeasible-status.mt | 21 SuccessEvaluating tests (21)Elapsed time 1m58s

TestReport: infeasible-status.mt | 21 SuccessEvaluating tests (21)Elapsed time 1m58s

TestReport: infeasible-status.mt | 21 SuccessEvaluating tests (21)Elapsed time 1m59s

TestReport: infeasible-status.mt | 21 SuccessEvaluating tests (21)Elapsed time 1m59s

TestReport: infeasible-status.mt | 21 SuccessEvaluating tests (21)Elapsed time 2m00s

TestReport: infeasible-status.mt | 21 SuccessEvaluating tests (21)Elapsed time 2m00s

TestReport: infeasible-status.mt | 21 SuccessEvaluating tests (21)Elapsed time 2m00s

TestReport: infeasible-status.mt | 21 SuccessEvaluating tests (21)Elapsed time 2m01s

TestReport: infeasible-status.mt | 21 SuccessEvaluating tests (21)Elapsed time 2m01s

TestReport: infeasible-status.mt | 21 SuccessEvaluating tests (21)Elapsed time 2m02s

TestReport: infeasible-status.mt | 21 SuccessEvaluating tests (21)Elapsed time 2m02s

TestReport: monotone-monotonicity.mt | 25 Success,1 FailureEvaluating tests (26)Elapsed time 2m02s

TestReport: monotone-solver.mt | 30 Success,1 FailureEvaluating tests (31)Elapsed time 2m03s

TestReport: monotone-solver.mt | 30 Success,1 FailureEvaluating tests (31)Elapsed time 2m03s

TestReport: monotone-solver.mt | 30 Success,1 FailureEvaluating tests (31)Elapsed time 2m04s

TestReport: monotone-solver.mt | 30 Success,1 FailureEvaluating tests (31)Elapsed time 2m04s

TestReport: monotone-solver.mt | 30 Success,1 FailureEvaluating tests (31)Elapsed time 2m04s

TestReport: monotone-solver.mt | 30 Success,1 FailureEvaluating tests (31)Elapsed time 2m05s

TestReport: monotone-solver.mt | 30 Success,1 FailureEvaluating tests (31)Elapsed time 2m05s

TestReport: monotone-solver.mt | 30 Success,1 FailureEvaluating tests (31)Elapsed time 2m06s

TestReport: monotone-solver.mt | 30 Success,1 FailureEvaluating tests (31)Elapsed time 2m06s

TestReport: monotone-solver.mt | 30 Success,1 FailureEvaluating tests (31)Elapsed time 2m06s

TestReport: monotone-solver.mt | 30 Success,1 FailureEvaluating tests (31)Elapsed time 2m07s

TestReport: monotone-solver.mt | 30 Success,1 FailureEvaluating tests (31)Elapsed time 2m07s

TestReport: monotone-solver.mt | 30 Success,1 FailureEvaluating tests (31)Elapsed time 2m08s

TestReport: monotone-solver.mt | 30 Success,1 FailureEvaluating tests (31)Elapsed time 2m08s

TestReport: numeric-state.mt | 36 Success,1 FailureEvaluating tests (37)Elapsed time 2m08s

TestReport: numeric-state.mt | 53 Success,1 FailureEvaluating tests (54)Elapsed time 2m09s

TestReport: solve-mfg.mt | 64 Success,1 FailureEvaluating tests (65)Elapsed time 2m09s

TestReport: solve-mfg.mt | 84 Success,1 FailureEvaluating tests (85)Elapsed time 2m10s

TestReport: solve-mfg.mt | 84 Success,1 FailureEvaluating tests (85)Elapsed time 2m10s

TestReport: solve-mfg.mt | 84 Success,1 FailureEvaluating tests (85)Elapsed time 2m10s

TestReport: solve-mfg.mt | 84 Success,1 FailureEvaluating tests (85)Elapsed time 2m11s

TestReport: solve-mfg.mt | 84 Success,1 FailureEvaluating tests (85)Elapsed time 2m11s

TestReport: solver-contracts.mt | 97 Success,1 FailureEvaluating tests (98)Elapsed time 2m12s

TestReport: solver-contracts.mt | 97 Success,1 FailureEvaluating tests (98)Elapsed time 2m12s

TestReport: solver-contracts.mt | 97 Success,1 FailureEvaluating tests (98)Elapsed time 2m12s

TestReport: solver-contracts.mt | 97 Success,1 FailureEvaluating tests (98)Elapsed time 2m13s

TestReport: solver-contracts.mt | 97 Success,1 FailureEvaluating tests (98)Elapsed time 2m13s

TestReport: solver-contracts.mt | 97 Success,1 FailureEvaluating tests (98)Elapsed time 2m14s

TestReport: solver-contracts.mt | 97 Success,1 FailureEvaluating tests (98)Elapsed time 2m14s

TestReport: solver-contracts.mt | 97 Success,1 FailureEvaluating tests (98)Elapsed time 2m14s

TestReport: solver-contracts.mt | 97 Success,1 FailureEvaluating tests (98)Elapsed time 2m15s

TestReport: solver-contracts.mt | 97 Success,1 FailureEvaluating tests (98)Elapsed time 2m15s

TestReport: solver-contracts.mt | 97 Success,1 FailureEvaluating tests (98)Elapsed time 2m16s

TestReport: solver-contracts.mt | 97 Success,1 FailureEvaluating tests (98)Elapsed time 2m16s

TestReport: solver-contracts.mt | 97 Success,1 FailureEvaluating tests (98)Elapsed time 2m16s

TestReport: solver-contracts.mt | 97 Success,1 FailureEvaluating tests (98)Elapsed time 2m17s

TestReport: solver-contracts.mt | 97 Success,1 FailureEvaluating tests (98)Elapsed time 2m17s

TestReport: solver-contracts.mt | 97 Success,1 FailureEvaluating tests (98)Elapsed time 2m18s

TestReport: solver-contracts.mt | 97 Success,1 FailureEvaluating tests (98)Elapsed time 2m18s

TestReport: solver-contracts.mt | 97 Success,1 FailureEvaluating tests (98)Elapsed time 2m18s

TestReport: solver-contracts.mt | 97 Success,1 FailureEvaluating tests (98)Elapsed time 2m19s

TestReport: solver-contracts.mt | 97 Success,1 FailureEvaluating tests (98)Elapsed time 2m19s

TestReport: solver-contracts.mt | 97 Success,1 FailureEvaluating tests (98)Elapsed time 2m20s

TestReport: solver-contracts.mt | 97 Success,1 FailureEvaluating tests (98)Elapsed time 2m20s

TestReport: solver-contracts.mt | 97 Success,1 FailureEvaluating tests (98)Elapsed time 2m20s

TestReport: solver-contracts.mt | 97 Success,1 FailureEvaluating tests (98)Elapsed time 2m21s

TestReport: solver-contracts.mt | 97 Success,1 FailureEvaluating tests (98)Elapsed time 2m21s

TestReport: solver-contracts.mt | 97 Success,1 FailureEvaluating tests (98)Elapsed time 2m22s

TestReport: solver-contracts.mt | 97 Success,1 FailureEvaluating tests (98)Elapsed time 2m22s

TestReport: solver-contracts.mt | 97 Success,1 FailureEvaluating tests (98)Elapsed time 2m22s

TestReport: solver-contracts.mt | 97 Success,1 FailureEvaluating tests (98)Elapsed time 2m23s

TestReport: solver-contracts.mt | 97 Success,1 FailureEvaluating tests (98)Elapsed time 2m23s

TestReport: solver-contracts.mt | 97 Success,1 FailureEvaluating tests (98)Elapsed time 2m24s

TestReport: solver-contracts.mt | 97 Success,1 FailureEvaluating tests (98)Elapsed time 2m24s

TestReport: solver-contracts.mt | 97 Success,1 FailureEvaluating tests (98)Elapsed time 2m24s

TestReport: solver-contracts.mt | 97 Success,1 FailureEvaluating tests (98)Elapsed time 2m25s

TestReport: solver-contracts.mt | 97 Success,1 FailureEvaluating tests (98)Elapsed time 2m25s

TestReport: solver-contracts.mt | 97 Success,1 FailureEvaluating tests (98)Elapsed time 2m26s

TestReport: solver-contracts.mt | 97 Success,1 FailureEvaluating tests (98)Elapsed time 2m26s

TestReport: solver-contracts.mt | 97 Success,1 FailureEvaluating tests (98)Elapsed time 2m26s

TestReport: solver-contracts.mt | 97 Success,1 FailureEvaluating tests (98)Elapsed time 2m27s

TestReport: solver-contracts.mt | 97 Success,1 FailureEvaluating tests (98)Elapsed time 2m27s

TestReport: solver-contracts.mt | 97 Success,1 FailureEvaluating tests (98)Elapsed time 2m28s

TestReport: solver-contracts.mt | 97 Success,1 FailureEvaluating tests (98)Elapsed time 2m28s

TestReport: solver-contracts.mt | 97 Success,1 FailureEvaluating tests (98)Elapsed time 2m28s

TestReport: solver-contracts.mt | 97 Success,1 FailureEvaluating tests (98)Elapsed time 2m29s

TestReport: solver-contracts.mt | 97 Success,1 FailureEvaluating tests (98)Elapsed time 2m29s

TestReport: solver-contracts.mt | 97 Success,1 FailureEvaluating tests (98)Elapsed time 2m30s

TestReport: solver-contracts.mt | 97 Success,1 FailureEvaluating tests (98)Elapsed time 2m30s

TestReport: solver-contracts.mt | 97 Success,1 FailureEvaluating tests (98)Elapsed time 2m30s

TestReport: solver-contracts.mt | 97 Success,1 FailureEvaluating tests (98)Elapsed time 2m31s

TestReport: solver-contracts.mt | 97 Success,1 FailureEvaluating tests (98)Elapsed time 2m31s

TestReport: solver-contracts.mt | 97 Success,1 FailureEvaluating tests (98)Elapsed time 2m32s

TestReport: solver-contracts.mt | 97 Success,1 FailureEvaluating tests (98)Elapsed time 2m32s

TestReport: solver-contracts.mt | 97 Success,1 FailureEvaluating tests (98)Elapsed time 2m32s

TestReport: solver-contracts.mt | 97 Success,1 FailureEvaluating tests (98)Elapsed time 2m33s

TestReport: solver-contracts.mt | 97 Success,1 FailureEvaluating tests (98)Elapsed time 2m33s

TestReport: solver-contracts.mt | 97 Success,1 FailureEvaluating tests (98)Elapsed time 2m34s

TestReport: solver-contracts.mt | 97 Success,1 FailureEvaluating tests (98)Elapsed time 2m34s

TestReport: solver-contracts.mt | 97 Success,1 FailureEvaluating tests (98)Elapsed time 2m34s

TestReport: solver-contracts.mt | 97 Success,1 FailureEvaluating tests (98)Elapsed time 2m35s

TestReport: solver-contracts.mt | 97 Success,1 FailureEvaluating tests (98)Elapsed time 2m35s

TestReport: solver-contracts.mt | 97 Success,1 FailureEvaluating tests (98)Elapsed time 2m36s

TestReport: solver-contracts.mt | 97 Success,1 FailureEvaluating tests (98)Elapsed time 2m36s

TestReport: solver-contracts.mt | 97 Success,1 FailureEvaluating tests (98)Elapsed time 2m36s

TestReport: solver-contracts.mt | 97 Success,1 FailureEvaluating tests (98)Elapsed time 2m37s

TestReport: solver-contracts.mt | 97 Success,1 FailureEvaluating tests (98)Elapsed time 2m37s

TestReport: solver-contracts.mt | 97 Success,1 FailureEvaluating tests (98)Elapsed time 2m38s

TestReport: solver-contracts.mt | 97 Success,1 FailureEvaluating tests (98)Elapsed time 2m38s

TestReport: solver-contracts.mt | 97 Success,1 FailureEvaluating tests (98)Elapsed time 2m38s

TestReport: solver-contracts.mt | 97 Success,1 FailureEvaluating tests (98)Elapsed time 2m39s

TestReport: solver-contracts.mt | 97 Success,1 FailureEvaluating tests (98)Elapsed time 2m39s

TestReport: solver-contracts.mt | 97 Success,1 FailureEvaluating tests (98)Elapsed time 2m40s

TestReport: solver-contracts.mt | 97 Success,1 FailureEvaluating tests (98)Elapsed time 2m40s

TestReport: solver-contracts.mt | 97 Success,1 FailureEvaluating tests (98)Elapsed time 2m40s

TestReport: solver-contracts.mt | 97 Success,1 FailureEvaluating tests (98)Elapsed time 2m41s

TestReport: solver-contracts.mt | 97 Success,1 FailureEvaluating tests (98)Elapsed time 2m41s

TestReport: solver-contracts.mt | 97 Success,1 FailureEvaluating tests (98)Elapsed time 2m42s

TestReport: solver-contracts.mt | 97 Success,1 FailureEvaluating tests (98)Elapsed time 2m42s

TestReport: solver-contracts.mt | 97 Success,1 FailureEvaluating tests (98)Elapsed time 2m42s

TestReport: solver-contracts.mt | 97 Success,1 FailureEvaluating tests (98)Elapsed time 2m43s

TestReport: solver-contracts.mt | 97 Success,1 FailureEvaluating tests (98)Elapsed time 2m43s

TestReport: solver-contracts.mt | 97 Success,1 FailureEvaluating tests (98)Elapsed time 2m44s

TestReport: solver-contracts.mt | 97 Success,1 FailureEvaluating tests (98)Elapsed time 2m44s

TestReport: solver-contracts.mt | 97 Success,1 FailureEvaluating tests (98)Elapsed time 2m44s

TestReport: solver-contracts.mt | 97 Success,1 FailureEvaluating tests (98)Elapsed time 2m45s

TestReport: solver-contracts.mt | 97 Success,1 FailureEvaluating tests (98)Elapsed time 2m45s

TestReport: solver-contracts.mt | 97 Success,1 FailureEvaluating tests (98)Elapsed time 2m46s

TestReport: solver-contracts.mt | 97 Success,1 FailureEvaluating tests (98)Elapsed time 2m46s

TestReport: solver-contracts.mt | 97 Success,1 FailureEvaluating tests (98)Elapsed time 2m46s

TestReport: solver-contracts.mt | 97 Success,1 FailureEvaluating tests (98)Elapsed time 2m47s

TestReport: solver-contracts.mt | 97 Success,1 FailureEvaluating tests (98)Elapsed time 2m47s

TestReport: solver-contracts.mt | 97 Success,1 FailureEvaluating tests (98)Elapsed time 2m48s

TestReport: solver-contracts.mt | 97 Success,1 FailureEvaluating tests (98)Elapsed time 2m48s

TestReport: solver-contracts.mt | 97 Success,1 FailureEvaluating tests (98)Elapsed time 2m48s

TestReport: solver-contracts.mt | 97 Success,1 FailureEvaluating tests (98)Elapsed time 2m49s

TestReport: solver-contracts.mt | 97 Success,1 FailureEvaluating tests (98)Elapsed time 2m49s

TestReport: solver-contracts.mt | 97 Success,1 FailureEvaluating tests (98)Elapsed time 2m50s

TestReport: solver-contracts.mt | 97 Success,1 FailureEvaluating tests (98)Elapsed time 2m50s

TestReport: solver-contracts.mt | 97 Success,1 FailureEvaluating tests (98)Elapsed time 2m50s

TestReport: solver-contracts.mt | 97 Success,1 FailureEvaluating tests (98)Elapsed time 2m51s

TestReport: solver-contracts.mt | 97 Success,1 FailureEvaluating tests (98)Elapsed time 2m51s

TestReport: solver-contracts.mt | 97 Success,1 FailureEvaluating tests (98)Elapsed time 2m52s

TestReport: solver-contracts.mt | 97 Success,1 FailureEvaluating tests (98)Elapsed time 2m52s

TestReport: solver-contracts.mt | 97 Success,1 FailureEvaluating tests (98)Elapsed time 2m52s

TestReport: solver-contracts.mt | 97 Success,1 FailureEvaluating tests (98)Elapsed time 2m53s

TestReport: solver-contracts.mt | 97 Success,1 FailureEvaluating tests (98)Elapsed time 2m53s

TestReport: solver-contracts.mt | 97 Success,1 FailureEvaluating tests (98)Elapsed time 2m54s

TestReport: solver-contracts.mt | 97 Success,1 FailureEvaluating tests (98)Elapsed time 2m54s

TestReport: solver-contracts.mt | 97 Success,1 FailureEvaluating tests (98)Elapsed time 2m54s

TestReport: solver-contracts.mt | 97 Success,1 FailureEvaluating tests (98)Elapsed time 2m55s

TestReport: solver-contracts.mt | 97 Success,1 FailureEvaluating tests (98)Elapsed time 2m55s

TestReport: solver-contracts.mt | 97 Success,1 FailureEvaluating tests (98)Elapsed time 2m56s

TestReport: solver-contracts.mt | 97 Success,1 FailureEvaluating tests (98)Elapsed time 2m56s

TestReport: solver-contracts.mt | 97 Success,1 FailureEvaluating tests (98)Elapsed time 2m56s

TestReport: solver-contracts.mt | 97 Success,1 FailureEvaluating tests (98)Elapsed time 2m57s

TestReport: solver-contracts.mt | 97 Success,1 FailureEvaluating tests (98)Elapsed time 2m57s

TestReport: solver-contracts.mt | 97 Success,1 FailureEvaluating tests (98)Elapsed time 2m58s

TestReport: solver-contracts.mt | 97 Success,1 FailureEvaluating tests (98)Elapsed time 2m58s

TestReport: solver-contracts.mt | 97 Success,1 FailureEvaluating tests (98)Elapsed time 2m58s

TestReport: solver-contracts.mt | 97 Success,1 FailureEvaluating tests (98)Elapsed time 2m59s

TestReport: solver-contracts.mt | 97 Success,1 FailureEvaluating tests (98)Elapsed time 2m59s

TestReport: solver-contracts.mt | 97 Success,1 FailureEvaluating tests (98)Elapsed time 3m00s

TestReport: solver-contracts.mt | 97 Success,1 FailureEvaluating tests (98)Elapsed time 3m00s

TestReport: solver-contracts.mt | 97 Success,1 FailureEvaluating tests (98)Elapsed time 3m01s

TestReport: solver-contracts.mt | 97 Success,1 FailureEvaluating tests (98)Elapsed time 3m01s

TestReport: solver-contracts.mt | 97 Success,1 FailureEvaluating tests (98)Elapsed time 3m01s

TestReport: solver-contracts.mt | 97 Success,1 FailureEvaluating tests (98)Elapsed time 3m02s

TestReport: solver-contracts.mt | 97 Success,1 FailureEvaluating tests (98)Elapsed time 3m02s

TestReport: solver-contracts.mt | 97 Success,1 FailureEvaluating tests (98)Elapsed time 3m03s

TestReport: solver-contracts.mt | 97 Success,1 FailureEvaluating tests (98)Elapsed time 3m03s

TestReport: solver-contracts.mt | 97 Success,1 FailureEvaluating tests (98)Elapsed time 3m03s

TestReport: solver-contracts.mt | 97 Success,1 FailureEvaluating tests (98)Elapsed time 3m04s

TestReport: solver-contracts.mt | 97 Success,1 FailureEvaluating tests (98)Elapsed time 3m04s

TestReport: solver-contracts.mt | 97 Success,1 FailureEvaluating tests (98)Elapsed time 3m05s

TestReport: solver-contracts.mt | 97 Success,1 FailureEvaluating tests (98)Elapsed time 3m05s

TestReport: solver-contracts.mt | 97 Success,1 FailureEvaluating tests (98)Elapsed time 3m05s

TestReport: solver-contracts.mt | 97 Success,1 FailureEvaluating tests (98)Elapsed time 3m06s

TestReport: solver-contracts.mt | 97 Success,1 FailureEvaluating tests (98)Elapsed time 3m06s

TestReport: solver-contracts.mt | 97 Success,1 FailureEvaluating tests (98)Elapsed time 3m07s

TestReport: solver-contracts.mt | 97 Success,1 FailureEvaluating tests (98)Elapsed time 3m07s

TestReport: solver-contracts.mt | 97 Success,1 FailureEvaluating tests (98)Elapsed time 3m07s

TestReport: solver-contracts.mt | 97 Success,1 FailureEvaluating tests (98)Elapsed time 3m08s

TestReport: solver-contracts.mt | 97 Success,1 FailureEvaluating tests (98)Elapsed time 3m08s

TestReport: solver-contracts.mt | 97 Success,1 FailureEvaluating tests (98)Elapsed time 3m09s

TestReport: solver-contracts.mt | 97 Success,1 FailureEvaluating tests (98)Elapsed time 3m09s

TestReport: solver-contracts.mt | 97 Success,1 FailureEvaluating tests (98)Elapsed time 3m09s

TestReport: solver-contracts.mt | 97 Success,1 FailureEvaluating tests (98)Elapsed time 3m10s

TestReport: solver-contracts.mt | 97 Success,1 FailureEvaluating tests (98)Elapsed time 3m10s

TestReport: solver-contracts.mt | 97 Success,1 FailureEvaluating tests (98)Elapsed time 3m11s

TestReport: solver-contracts.mt | 97 Success,1 FailureEvaluating tests (98)Elapsed time 3m11s

TestReport: solver-contracts.mt | 97 Success,1 FailureEvaluating tests (98)Elapsed time 3m11s

TestReport: solver-contracts.mt | 97 Success,1 FailureEvaluating tests (98)Elapsed time 3m12s

TestReport: solver-contracts.mt | 97 Success,1 FailureEvaluating tests (98)Elapsed time 3m12s

TestReport: solver-contracts.mt | 97 Success,1 FailureEvaluating tests (98)Elapsed time 3m13s

TestReport: solver-contracts.mt | 97 Success,1 FailureEvaluating tests (98)Elapsed time 3m13s

TestReport: solver-contracts.mt | 97 Success,1 FailureEvaluating tests (98)Elapsed time 3m13s

TestReport: solver-contracts.mt | 97 Success,1 FailureEvaluating tests (98)Elapsed time 3m14s

TestReport: solver-contracts.mt | 97 Success,1 FailureEvaluating tests (98)Elapsed time 3m14s

TestReport: solver-contracts.mt | 97 Success,1 FailureEvaluating tests (98)Elapsed time 3m15s

TestReport: solver-contracts.mt | 97 Success,1 FailureEvaluating tests (98)Elapsed time 3m15s

TestReport: solver-contracts.mt | 97 Success,1 FailureEvaluating tests (98)Elapsed time 3m15s

TestReport: solver-contracts.mt | 97 Success,1 FailureEvaluating tests (98)Elapsed time 3m16s

TestReport: solver-contracts.mt | 97 Success,1 FailureEvaluating tests (98)Elapsed time 3m16s

TestReport: solver-contracts.mt | 97 Success,1 FailureEvaluating tests (98)Elapsed time 3m17s

TestReport: solver-contracts.mt | 97 Success,1 FailureEvaluating tests (98)Elapsed time 3m17s

TestReport: solver-contracts.mt | 97 Success,1 FailureEvaluating tests (98)Elapsed time 3m17s

TestReport: solver-contracts.mt | 97 Success,1 FailureEvaluating tests (98)Elapsed time 3m18s

TestReport: solver-contracts.mt | 97 Success,1 FailureEvaluating tests (98)Elapsed time 3m18s

TestReport: solver-contracts.mt | 97 Success,1 FailureEvaluating tests (98)Elapsed time 3m19s

TestReport: solver-contracts.mt | 97 Success,1 FailureEvaluating tests (98)Elapsed time 3m19s

TestReport: solver-contracts.mt | 97 Success,1 FailureEvaluating tests (98)Elapsed time 3m19s

TestReport: solver-contracts.mt | 97 Success,1 FailureEvaluating tests (98)Elapsed time 3m20s

TestReport: solver-contracts.mt | 97 Success,1 FailureEvaluating tests (98)Elapsed time 3m20s

TestReport: solver-contracts.mt | 97 Success,1 FailureEvaluating tests (98)Elapsed time 3m21s

TestReport: solver-contracts.mt | 97 Success,1 FailureEvaluating tests (98)Elapsed time 3m21s

TestReport: solver-contracts.mt | 97 Success,1 FailureEvaluating tests (98)Elapsed time 3m21s

TestReport: solver-contracts.mt | 97 Success,1 FailureEvaluating tests (98)Elapsed time 3m22s

TestReport: solver-contracts.mt | 97 Success,1 FailureEvaluating tests (98)Elapsed time 3m22s

TestReport: solver-contracts.mt | 97 Success,1 FailureEvaluating tests (98)Elapsed time 3m23s

TestReport: solver-contracts.mt | 97 Success,1 FailureEvaluating tests (98)Elapsed time 3m23s

TestReport: solver-contracts.mt | 97 Success,1 FailureEvaluating tests (98)Elapsed time 3m23s

TestReport: solver-contracts.mt | 97 Success,1 FailureEvaluating tests (98)Elapsed time 3m24s

TestReport: solver-contracts.mt | 97 Success,1 FailureEvaluating tests (98)Elapsed time 3m24s

TestReport: solver-contracts.mt | 97 Success,1 FailureEvaluating tests (98)Elapsed time 3m25s

TestReport: solver-contracts.mt | 97 Success,1 FailureEvaluating tests (98)Elapsed time 3m25s

TestReport: solver-contracts.mt | 97 Success,1 FailureEvaluating tests (98)Elapsed time 3m25s

TestReport: solver-contracts.mt | 97 Success,1 FailureEvaluating tests (98)Elapsed time 3m26s

TestReport: solver-contracts.mt | 97 Success,1 FailureEvaluating tests (98)Elapsed time 3m26s

TestReport: solver-contracts.mt | 97 Success,1 FailureEvaluating tests (98)Elapsed time 3m27s

TestReport: solver-contracts.mt | 97 Success,1 FailureEvaluating tests (98)Elapsed time 3m27s

TestReport: solver-contracts.mt | 97 Success,1 FailureEvaluating tests (98)Elapsed time 3m27s

TestReport: solver-contracts.mt | 97 Success,1 FailureEvaluating tests (98)Elapsed time 3m28s

TestReport: solver-contracts.mt | 97 Success,1 FailureEvaluating tests (98)Elapsed time 3m28s

TestReport: solver-contracts.mt | 97 Success,1 FailureEvaluating tests (98)Elapsed time 3m29s

TestReport: solver-contracts.mt | 97 Success,1 FailureEvaluating tests (98)Elapsed time 3m29s

TestReport: solver-contracts.mt | 97 Success,1 FailureEvaluating tests (98)Elapsed time 3m29s

TestReport: solver-contracts.mt | 97 Success,1 FailureEvaluating tests (98)Elapsed time 3m30s

TestReport: solver-contracts.mt | 97 Success,1 FailureEvaluating tests (98)Elapsed time 3m30s

TestReport: solver-contracts.mt | 97 Success,1 FailureEvaluating tests (98)Elapsed time 3m31s

TestReport: solver-contracts.mt | 97 Success,1 FailureEvaluating tests (98)Elapsed time 3m31s

TestReport: solver-contracts.mt | 97 Success,1 FailureEvaluating tests (98)Elapsed time 3m31s

TestReport: solver-contracts.mt | 97 Success,1 FailureEvaluating tests (98)Elapsed time 3m32s

TestReport: solver-contracts.mt | 97 Success,1 FailureEvaluating tests (98)Elapsed time 3m32s

TestReport: solver-contracts.mt | 97 Success,1 FailureEvaluating tests (98)Elapsed time 3m33s

TestReport: solver-contracts.mt | 97 Success,1 FailureEvaluating tests (98)Elapsed time 3m33s

TestReport: solver-contracts.mt | 97 Success,1 FailureEvaluating tests (98)Elapsed time 3m33s

TestReport: solver-contracts.mt | 97 Success,1 FailureEvaluating tests (98)Elapsed time 3m34s

TestReport: solver-contracts.mt | 97 Success,1 FailureEvaluating tests (98)Elapsed time 3m34s

TestReport: solver-contracts.mt | 97 Success,1 FailureEvaluating tests (98)Elapsed time 3m35s

TestReport: solver-contracts.mt | 97 Success,1 FailureEvaluating tests (98)Elapsed time 3m35s

TestReport: solver-contracts.mt | 97 Success,1 FailureEvaluating tests (98)Elapsed time 3m35s

TestReport: solver-contracts.mt | 97 Success,1 FailureEvaluating tests (98)Elapsed time 3m36s

TestReport: solver-contracts.mt | 97 Success,1 FailureEvaluating tests (98)Elapsed time 3m36s

TestReport: solver-contracts.mt | 97 Success,1 FailureEvaluating tests (98)Elapsed time 3m37s

TestReport: solver-contracts.mt | 97 Success,1 FailureEvaluating tests (98)Elapsed time 3m37s

TestReport: solver-contracts.mt | 97 Success,1 FailureEvaluating tests (98)Elapsed time 3m37s

TestReport: solver-contracts.mt | 97 Success,1 FailureEvaluating tests (98)Elapsed time 3m38s

TestReport: solver-contracts.mt | 97 Success,1 FailureEvaluating tests (98)Elapsed time 3m38s

TestReport: solver-contracts.mt | 97 Success,1 FailureEvaluating tests (98)Elapsed time 3m39s

TestReport: solver-contracts.mt | 97 Success,1 FailureEvaluating tests (98)Elapsed time 3m39s

TestReport: solver-contracts.mt | 97 Success,1 FailureEvaluating tests (98)Elapsed time 3m39s

TestReport: solver-contracts.mt | 97 Success,1 FailureEvaluating tests (98)Elapsed time 3m40s

TestReport: solver-contracts.mt | 97 Success,1 FailureEvaluating tests (98)Elapsed time 3m40s

TestReport: solver-contracts.mt | 97 Success,1 FailureEvaluating tests (98)Elapsed time 3m41s

TestReport: solver-contracts.mt | 97 Success,1 FailureEvaluating tests (98)Elapsed time 3m41s

TestReport: solver-contracts.mt | 97 Success,1 FailureEvaluating tests (98)Elapsed time 3m41s

TestReport: solver-contracts.mt | 97 Success,1 FailureEvaluating tests (98)Elapsed time 3m42s

TestReport: solver-contracts.mt | 97 Success,1 FailureEvaluating tests (98)Elapsed time 3m42s

TestReport: solver-contracts.mt | 97 Success,1 FailureEvaluating tests (98)Elapsed time 3m43s

TestReport: solver-contracts.mt | 97 Success,1 FailureEvaluating tests (98)Elapsed time 3m43s

TestReport: solver-contracts.mt | 97 Success,1 FailureEvaluating tests (98)Elapsed time 3m43s

TestReport: solver-contracts.mt | 97 Success,1 FailureEvaluating tests (98)Elapsed time 3m44s

TestReport: solver-contracts.mt | 97 Success,1 FailureEvaluating tests (98)Elapsed time 3m44s

TestReport: solver-contracts.mt | 97 Success,1 FailureEvaluating tests (98)Elapsed time 3m45s

TestReport: solver-contracts.mt | 97 Success,1 FailureEvaluating tests (98)Elapsed time 3m45s

TestReport: solver-contracts.mt | 97 Success,1 FailureEvaluating tests (98)Elapsed time 3m45s

TestReport: solver-contracts.mt | 97 Success,1 FailureEvaluating tests (98)Elapsed time 3m46s

TestReport: solver-contracts.mt | 97 Success,1 FailureEvaluating tests (98)Elapsed time 3m46s
